// Jest Snapshot v1, https://goo.gl/fbAQLP

exports[`<Main /> should render the heading 1`] = `
.c0 {
  display: -webkit-box;
  display: -webkit-flex;
  display: -ms-flexbox;
  display: flex;
  -webkit-flex-direction: column;
  -ms-flex-direction: column;
  flex-direction: column;
  background-color: #06092b;
  color: #fff;
  width: 100%;
  height: 100%;
  padding: 3rem;
  text-align: center;
  -webkit-align-items: center;
  -webkit-box-align: center;
  -ms-flex-align: center;
  align-items: center;
  -webkit-box-pack: center;
  -webkit-justify-content: center;
  -ms-flex-pack: center;
  justify-content: center;
}

.c2 {
  height: 64px;
  width: 64px;
  margin-bottom: 2rem;
}

.c1 {
  font-size: 2.5rem;
}

.c3 {
  font-size: 2rem;
  font-weight: 400;
}

.c4 {
  width: min(30rem,100%);
  margin-top: 3rem;
}

<main
  class="c0"
>
  <h1
    class="c1"
  >
     
    <img
      alt="logo"
      class="c2"
      src="/img/react.svg"
    />
    React Avan√ßado
  </h1>
  <h2
    class="c3"
  >
    Typescript, ReactJS, NextJS e Styled Components
  </h2>
  <img
    alt="illustration"
    class="c4"
    src="/img/illustration.jpg"
  />
</main>
`;
